
---
source: sapiens_tools/src/arxiv.rs
expression: yaml
---
result:
  - id: "http://arxiv.org/abs/cs/9809005v1"
    updated: "1998-09-02T01:49:32Z"
    published: "1998-09-02T01:49:32Z"
    title: "The Five-Minute Rule Ten Years Later, and Other Computer Storage Rules\n  of Thumb"
    authors:
      - Jim Gray
      - Goetz Graefe
    pdf_url: "https://arxiv.org/pdf/cs/9809005v1.pdf"
  - id: "http://arxiv.org/abs/cs/9809023v2"
    updated: "1998-09-18T19:04:42Z"
    published: "1998-09-17T14:41:07Z"
    title: Similarity-Based Queries for Time Series Data
    authors:
      - Davood Rafiei
      - Alberto Mendelzon
    pdf_url: "https://arxiv.org/pdf/cs/9809023v2.pdf"
  - id: "http://arxiv.org/abs/cs/9809033v2"
    updated: "1998-09-25T16:12:20Z"
    published: "1998-09-18T21:24:23Z"
    title: Efficient Retrieval of Similar Time Sequences Using DFT
    authors:
      - Davood Rafiei
      - Alberto Mendelzon
    pdf_url: "https://arxiv.org/pdf/cs/9809033v2.pdf"
  - id: "http://arxiv.org/abs/cs/9909016v1"
    updated: "1999-09-21T21:20:20Z"
    published: "1999-09-21T21:20:20Z"
    title: "Least expected cost query optimization: an exercise in utility"
    authors:
      - Francis C. Chu
      - Joseph Y. Halpern
      - Praveen Seshadri
    pdf_url: "https://arxiv.org/pdf/cs/9909016v1.pdf"
