
---
source: sapiens_tools/src/arxiv.rs
expression: input
---
search_query: "cat:cs.AI"
id_list: ~
start: ~
max_results: ~
sort_by: ~
sort_order: ~
show_pdf_url: ~
show_authors: true
show_comments: ~
show_summary: ~
