
---
source: sapiens_bot/src/runner/utils.rs
expression: msgs
---
[
    "This is a test message that is too long for Discord",
    "\n\n# This is a section\n\nThis is the second paragraph",
    "\n\n````python\nprint(\"Hello world\")\n````\n\n",
    "This is the third paragraph which is much longer than the other.",
    "\n\n## A subsection\n\nThis is the fourth paragraph",
    "\n\n# This is another section\n\nThis is the first paragraph of another section",
]