---
source: sapiens_tools/src/wiki/wikipedia.rs
expression: description
