
---
source: sapiens_tools/src/wiki/wikipedia.rs
expression: input
---
parameters:
  action: query
  prop:
    - extracts
    - exintro
    - explaintext
  titles: Albert Einstein
limit: ~
