---
source: sapiens_tools/tests/e2e.rs
expression: output.result
---
stdout: ''
stderr: ''

