---
source: sapiens_tools/tests/python.rs
expression: e
---
Tool invocation failed: Python code execution failed: SystemExit: 0
