---
source: sapiens_tools/tests/arxiv.rs
expression: output
---
stdout: ''
stderr: ''

