---
source: sapiens_tools/tests/python.rs
expression: output
---
stdout: |
  Hello world 1!
stderr: ''

