---
source: sapiens_tools/tests/python.rs
expression: output
---
{}

