---
source: sapiens_tools/tests/python.rs
expression: output
---
stdout: |
  Hello world!
  {'something': 'blah and something else'}
  {'something': 'blah and something else'}
stderr: ''

