
---
source: sapiens/src/tools/invocation.rs
expression: invocations
---
invocations:
  - tool_name: Search1
    parameters:
      q: Marcel Deneuve
      excluded_terms: Resident Evil
      num_results: 10
  - tool_name: Search2
    parameters:
      q: Marcel Deneuve
      excluded_terms: Resident Evil
      num_results: 10
  - tool_name: Search3
    parameters:
      q: Marcel Deneuve
      excluded_terms: Resident Evil
      num_results: 10
    something: else
  - tool_name: Search4
    parameters:
      q: Marcel Deneuve
      excluded_terms: Resident Evil
      num_results: 10
  - tool_name: Search5
    parameters:
      q: Marcel Deneuve
      excluded_terms: Resident Evil
      num_results: 10
yaml_block_count: 3
